## conditions
date: 2026-09-09T10:14:43Z
host: Linux 6.18.39-gentoo-dist-bin x86_64 GNU/Linux / AMD Ryzen 7 7700 8-Core Processor
mem: 30Gi  cpus: 16
qemu: QEMU emulator version 10.2.3
accel: tcg (kvm unavailable, see experiments/10-probe-environment.log)
subject: smolvm
# smolvm — Agent Reference

A tool to build and run portable, self-contained virtual machines locally. <200ms boot time. No daemon, no Docker.

## Platform Support

| Host | Guest | Hypervisor | Requirements |
|------|-------|------------|--------------|
| macOS Apple Silicon | arm64 Linux | Hypervisor.framework | macOS 11+ |
| Linux x86_64 / aarch64 | matching Linux | KVM | `/dev/kvm` |
| Windows x86_64 | x86_64 Linux | Windows Hypervisor Platform (WHP) | WHP feature enabled |

Windows caveats (run, persistent machines, volumes, port-forwarding, pack create/run, and interactive TTY all work): networking is TSI-only (TCP/UDP + inbound `-p`, no virtio-net); no GPU acceleration; no branch/snapshot. `pack create` needs `storage-template.ext4` / `overlay-template.ext4` beside `smolvm.exe` (Windows has no host `mkfs.ext4`). Set `SMOLVM_LIB_DIR` (folder holding `krun.dll` + `libkrunfw.dll`) and `SMOLVM_AGENT_ROOTFS` when running from a non-standard layout.

## Quick Reference

```bash
# Ephemeral (cleaned up after exit)
smolvm machine run --net --image alpine -- echo hello
smolvm machine run --net -it --image alpine -- /bin/sh   # interactive shell
smolvm machine run --net --image python:3.12-alpine -- python3 script.py

# Persistent (survives across exec sessions and stop/start)
smolvm machine create --net --name myvm
smolvm machine start --name myvm
smolvm machine exec --name myvm -- apk add python3   # installs persist
smolvm machine exec --name myvm -- which python3      # still there
smolvm machine shell --name myvm               # interactive shell (auto-starts if stopped)
smolvm machine stop --name myvm
smolvm machine delete --name myvm
--- machine create attempt
Create a new named machine configuration

Usage: smolvm machine create [OPTIONS] [-- <COMMAND>...]

Arguments:
  [COMMAND]...
          Command to run as the machine's persistent workload (image machines). Launched as a detached container on every `start`, so it stays running (e.g. a pre-warmed browser to be branched). Without this, the image's own ENTRYPOINT/CMD is launched instead; if the image defines neither (e.g. a bare rootfs directory), the machine boots to just the agent and commands come from `exec`/`shell`.
          
          `last = true` requires the `--` separator. With the machine name now a flag, a bare positional (an old-style `machine create myvm`) must fail loudly instead of being silently captured as the workload command.

Options:
  -n, --name <NAME>
          Name for the machine (auto-generated if omitted)

      --label <KEY=VALUE>
          Attach metadata to the machine (repeatable), e.g. `--label owner=exo --label sandbox=agent-7`.
          
          smolvm never interprets these. They exist so a process managing many machines can identify its own later — which sandbox a machine serves, who created it, whether it may be reclaimed — instead of encoding that into the name. Read them back with `machine ls --json`.

  -I, --image <IMAGE>
          Container image: a registry reference (alpine, python:3.12-alpine), a `docker save` archive (./myapp.tar, or `-` to read one from stdin), or an unpacked rootfs directory (./rootfs/). A bare name is always a registry reference — pipe `docker save` to use a locally built image

      --max-image-size <SIZE>
          Raise the max accepted local image-archive size (e.g. 16GiB, 512M, or a raw byte count); default 8GiB. For legitimately large images — sets SMOLVM_MAX_IMAGE_BYTES for this run

      --cpus <N>
          Maximum vCPUs the machine may use [default: 4, or the Smolfile/pack value]. Idle vCPUs cost nothing; this caps consumption, not a reservation

      --mem <MiB>
          Maximum memory in MiB the machine may use [default: 8192, or the Smolfile/pack value]. Elastic: only touched memory is committed

      --storage <GiB>
          Storage disk size in GiB (for OCI layers and container data)

      --overlay <GiB>
          Overlay disk size in GiB (for persistent rootfs changes)

      --block-io <BLOCK_IO>
          Host block I/O engine. Async uses restricted io_uring for raw disks on Linux

          Possible values:
          - sync:  Service one request at a time on the virtio block worker
          - async: Submit queued raw-disk reads through a restricted Linux io_uring

  -v, --volume <HOST|REMOTE:GUEST[:ro|rw|staged]>
          Mount host directory (can be used multiple times). Also accepts S3-compatible object storage, mounted inside the guest on every start: `s3://bucket/prefix:/data[:ro]` (credentials from --env AWS_ACCESS_KEY_ID/AWS_SECRET_ACCESS_KEY, optional AWS_ENDPOINT_URL for R2/MinIO; anonymous without them). Nothing is required of the image: the agent performs the mount itself. `:staged` runs from a guest-local copy for metadata-heavy workloads; `machine sync` and graceful stop copy it back, so do not modify its host source concurrently

      --allow-system-mounts
          Allow trusted read-only host `/etc` and `/var/log` mounts below `/host`. This exposes sensitive host data to the guest and must not be used for untrusted workloads

  -p, --port <PORT[-END]|HOST[-END]:GUEST[-END]>
          Expose port from VM to host (single port or one-to-one range, repeatable)

      --net
          Enable outbound network access

      --net-backend <NET_BACKEND>
          Select the networking backend

          Possible values:
          - tsi:        Use libkrun TSI networking
          - virtio-net: Use virtio-net with the host-side smolvm network stack

      --dns <IP>
          Custom DNS resolver for the guest (implies --net). Use this when the default public resolvers (8.8.8.8/1.1.1.1) are blocked on your network

      --network <NAME>
          Join a named inter-VM network (implies --net, virtio-net only): members get distinct addresses and can reach each other directly

      --allow-cidr <CIDR>
          Allow egress to specific CIDR range (can be used multiple times, implies --net)

      --allow-host <HOSTNAME>
          Allow egress to specific hostname, resolved at VM start (can be used multiple times, implies --net)

      --outbound-localhost-only
          Restrict outbound to localhost only (implies --net)

      --gpu
          Enable GPU acceleration (Vulkan via virtio-gpu)

      --gpu-vram <MiB>
          GPU shared-memory region size in MiB. Ignored without --gpu. Default 4096 (4 GiB). Must be > 0

      --rosetta
          Enable Rosetta 2 for x86_64 binary translation on Apple Silicon

      --expose-socket <GUEST_PATH[:HOST_PATH]>
          Expose a Unix socket the guest listens on to the host (repeatable). The host reaches it at the given host path, or `<vm-dir>/<basename>` by default. Format: GUEST_PATH[:HOST_PATH]

      --mount-socket <HOST_PATH:GUEST_PATH>
          Mount a host Unix socket into the guest (repeatable), so a guest process reaches the host service at GUEST_PATH. Format: HOST_PATH:GUEST_PATH

      --init <COMMAND>
          Run command on every VM start (can be used multiple times)

  -e, --env <KEY=VALUE>
          Set environment variable (can be used multiple times)

  -w, --workdir <DIR>
          Set working directory inside the machine

  -u, --user <USER>
          Run the workload as this user, like `docker run --user`: a name from the image or a numeric `uid[:gid]`. Overrides the image's USER, so a workload can match the owner of a mounted host directory. `init` commands still run as root

      --ssh-agent
          Forward host SSH agent into the VM (enables git/ssh without exposing keys)

      --cuda
          Remote guest CUDA Driver-API calls to the host NVIDIA GPU over vsock

      --auto-graph
          Ask compatible CUDA frameworks to graph safe compiled regions. Implies --cuda; arbitrary eager CUDA calls are not captured

      --docker-socket
          Expose the guest's Docker daemon socket to the host as a Unix socket (DOCKER_HOST=unix://…). Requires dockerd running in the VM

      --secret-env <GUEST_VAR=HOST_VAR>
          Inject a secret from a host env var (GUEST_VAR=HOST_VAR), resolved at each launch. Only the reference is persisted, never the value

      --secret-file <GUEST_VAR=PATH>
          Inject a secret from a host file (GUEST_VAR=/abs/path), resolved at each launch. Only the reference is persisted, never the value

      --smolfile <PATH>
          Load configuration from a Smolfile (TOML)
          
          [aliases: -s]

      --from <PATH>
          Create from a `.smolmachine` pack or restore a `.smolcheckpoint`

  -h, --help
          Print help (see a summary with '-h')
Delete machine 'alpine'? [y/N] Cancelled
Error: config operation failed: create machine: machine 'alpine' already exists or is being created
--- machine create, 256MiB variant (default 8GiB hits RLIMIT_FSIZE=500MB: SIGXFSZ, rc 153)
Delete machine 'tiny'? [y/N] Cancelled
Error: config operation failed: create machine: machine 'tiny' already exists or is being created
--- machine start (the decisive probe: libkrun opens /dev/kvm)
rc(start)=153
--- honest probe: state after start + exec
NAME   STATE         CPUS     MEMORY  MOUNTS   PORTS  STORAGE  OVERLAY  BRANCHED FROM
-------------------------------------------------------------------------------------
alpine created          4   8192 MiB       0       0   20 GiB   10 GiB  -            
tiny   created          1    256 MiB       0       0   20 GiB   10 GiB  -            
Error: agent operation failed: connect: machine 'tiny' is not running. Use 'smolvm machine start --name tiny' first.
rc(exec)=1
--- decision: start rc=153 (SIGXFSZ: RLIMIT_FSIZE=500MB hit during boot) even at --mem 256; state stays created; exec says not running
