25f1d6b1951a: Extracted (517 entries, 0 whiteouts)
podbox: 1 of 517 entries carry an id this machine cannot apply; what the image intended is in /tmp/ostore163/rootfs/sha256_c64c687cbea9300178b30c95835354e34c4e4febc4badfe27102879de0483b5e/.meta.jsonl
podbox: restore ownership with chown of etc/shadow (uid 0, gid 42): EINVAL
  the id has no mapping in this user namespace, which reads as a bad argument
  gid 42 is not mapped in this user namespace (/proc/self/gid_map: 0 0 4294967295)
  extract without ownership and record the intended ids; intended metadata recorded in /tmp/ostore163/rootfs/sha256_c64c687cbea9300178b30c95835354e34c4e4febc4badfe27102879de0483b5e/.meta.jsonl
podbox 0.1.0: mode=chroot (namespaces: none; mounts: none; devices: shimmed;
ownership: real; network: host-shared; pids: host-shared)
probes: clone(NEWNS)=EPERM mount=EPERM fsmount=skip(EPERM) move_mount=skip(EPERM)
        clone(NEWUTS)=EPERM sethostname=skip(EPERM) chroot=ok ptrace=ok
this mode does NOT provide: process, network, IPC or mount isolation, or a /proc filesystem
no /proc is mounted in the payload root: shell process substitution and /proc/self paths fail there, and the error names /dev/fd rather than /proc
⚠ this machine would permit `supervise`; podbox's entry sequence is `chroot` and creates no namespace and mounts nothing
podbox: interpose: /.podbox/interpose.so (musl object) is preloaded for this payload. ⛔ podbox WROTE that file into the image's own rootfs and the payload can see it
podbox: interpose: emulating mknod, mount, unshare and clone flag-strip for this payload: each is counted and `inspect` carries the tally under Interpose.Emulated (TODO/interpose.md T-0708)
podbox: complete: created dev/null (dev-shim, T-0401): mknod(2) refused with EPERM, so this is a regular file: writes are kept until the next run rather than discarded, and reads give EOF
podbox: complete: created dev/zero (dev-shim, T-0401): mknod(2) refused with EPERM, so this is a regular file of 1048576 zero bytes. ⛔ It ENDS: a read past 1048576 bytes gives EOF where the device would not
podbox: complete: created dev/random (dev-shim, T-0401): mknod(2) refused with EPERM, so this is a regular file of 1048576 bytes read once from the host's getrandom(2). ⛔ It ENDS: a read past 1048576 bytes gives EOF where the device would not
podbox: complete: created dev/urandom (dev-shim, T-0401): mknod(2) refused with EPERM, so this is a regular file of 1048576 bytes read once from the host's getrandom(2). ⛔ It ENDS: a read past 1048576 bytes gives EOF where the device would not
podbox: complete: created etc/resolv.conf (resolv.conf, T-0402): this machine's /etc/resolv.conf, 54 bytes
podbox: complete: rewrote etc/hosts (hosts, T-0403): localhost
podbox: complete: rewrote etc/mtab (mtab, T-0405): it was a symlink to /proc/mounts, and /proc is not mounted inside a chroot, so the link does not resolve. ⛔ podbox REPLACED the link rather than writing through it: an absolute target would have put this write on the host. One line, generated from this machine's own mount table for the filesystem the rootfs is on
podbox: complete: rewrote etc/ssl/certs/ca-certificates.crt (ca-bundle, T-0407): APPENDED this machine's CA bundle (224449 bytes, announced in $SSL_CERT_FILE as /w/cacert.pem). The image's own roots are kept and the added block is marked. ⚠ This machine's trust is now the container's too; --no-host-cas refuses it
podbox: complete: created etc/ssl/ca-bundle.pem (ca-bundle, T-0407): APPENDED this machine's CA bundle (224449 bytes, announced in $SSL_CERT_FILE as /w/cacert.pem). The image's own roots are kept and the added block is marked. ⚠ This machine's trust is now the container's too; --no-host-cas refuses it
podbox: complete: 9 fixup(s) applied to this image's rootfs, 7 degraded, 0 failed, 0 step(s) to run inside it; libc=musl. ⛔ These are edits podbox made inside somebody else's image and the payload can see them
podbox run: entering on the fuse rung at PODBOX_MODE's request (TODO/packaging.md T-1003)
podbox run: PODBOX_MODE=fuse was forced but /dev/fuse did not open on this machine, so FUSE mode is unavailable
