# alpine
# pinned public.ecr.aws/docker/library/alpine@sha256:d9e853e87e55526f6b2917df91a2115c36dd7c696a35be12163d44e6e2a4b6bc
# podbox run exit 0
--- the pull
25f1d6b1951a: Pull complete
Digest: sha256:d9e853e87e55526f6b2917df91a2115c36dd7c696a35be12163d44e6e2a4b6bc
Status: Downloaded newer image for public.ecr.aws/docker/library/alpine@sha256:d9e853e87e55526f6b2917df91a2115c36dd7c696a35be12163d44e6e2a4b6bc
podbox: probed this machine rather than using the cache: /tmp/ostore/probe.json does not exist yet
--- stdout
ID=0:0
DEVNULL=usable
DEVNULL_WRITE=ok
RESOLVER=10.255.255.254
NSSWITCH=
GETENT_ROOT=root
PM=apk
INSTALL_RC=0
INSTALL_TAIL=(13/13) Installing musl-dev (1.2.5-r3) Executing busybox-1.36.1-r31.trigger OK: 157 MiB in 27 packages 
CC=/usr/bin/cc
CC_VERSION=cc (Alpine 13.2.1_git20240309) 13.2.1 20240309
BUILD_RC=0
BUILD_TAIL=
BUILT_AND_RAN=42
--- the completion layer said
podbox: complete: created dev/null (dev-shim, T-0401): mknod(2) refused with EPERM, so this is a regular file: writes are kept until the next run rather than discarded, and reads give EOF
podbox: complete: created dev/zero (dev-shim, T-0401): mknod(2) refused with EPERM, so this is a regular file of 1048576 zero bytes. ⛔ It ENDS: a read past 1048576 bytes gives EOF where the device w
podbox: complete: created dev/random (dev-shim, T-0401): mknod(2) refused with EPERM, so this is a regular file of 1048576 bytes read once from the host's getrandom(2). ⛔ It ENDS: a read past 104857
podbox: complete: created dev/urandom (dev-shim, T-0401): mknod(2) refused with EPERM, so this is a regular file of 1048576 bytes read once from the host's getrandom(2). ⛔ It ENDS: a read past 10485
podbox: complete: created etc/resolv.conf (resolv.conf, T-0402): this machine's /etc/resolv.conf, 54 bytes
podbox: complete: rewrote etc/hosts (hosts, T-0403): localhost
podbox: complete: rewrote etc/mtab (mtab, T-0405): it was a symlink to /proc/mounts, and /proc is not mounted inside a chroot, so the link does not resolve. ⛔ podbox REPLACED the link rather than wr
podbox: complete: rewrote etc/ssl/certs/ca-certificates.crt (ca-bundle, T-0407): APPENDED this machine's CA bundle (224449 bytes, announced in $SSL_CERT_FILE as /w/cacert.pem). The image's own roots a
podbox: complete: created etc/ssl/ca-bundle.pem (ca-bundle, T-0407): APPENDED this machine's CA bundle (224449 bytes, announced in $SSL_CERT_FILE as /w/cacert.pem). The image's own roots are kept and 
podbox: complete: 9 fixup(s) applied to this image's rootfs, 7 degraded, 0 failed, 0 step(s) to run inside it; libc=musl. ⛔ These are edits podbox made inside somebody else's image and the payload c
--- the last of stderr
probes: clone(NEWNS)=EPERM mount=EPERM fsmount=skip(EPERM) move_mount=skip(EPERM)
        clone(NEWUTS)=EPERM sethostname=skip(EPERM) chroot=ok ptrace=ok
this mode does NOT provide: process, network, IPC or mount isolation
⚠ this machine would permit `supervise`; podbox's entry sequence is `chroot` and creates no namespace and mounts nothing
podbox: interpose: /.podbox/interpose.so (musl object) is preloaded for this payload. ⛔ podbox WROTE that file into the image's own rootfs and the payload can see it
