# archlinux
# pinned ghcr.io/pkgforge-dev/archlinux@sha256:b2507f1964270cab3cc190aa8df858521f6a7e45e969146a012877891d5dfc9b
# podbox run exit 0
--- the pull
2dacb2369e13: Pull complete
Digest: sha256:b2507f1964270cab3cc190aa8df858521f6a7e45e969146a012877891d5dfc9b
Status: Downloaded newer image for ghcr.io/pkgforge-dev/archlinux@sha256:b2507f1964270cab3cc190aa8df858521f6a7e45e969146a012877891d5dfc9b
podbox: probed this machine rather than using the cache: /tmp/ostore/probe.json does not exist yet
--- stdout
ID=0:0
DEVNULL=usable
DEVNULL_WRITE=ok
RESOLVER=10.255.255.254
NSSWITCH=files systemd
GETENT_ROOT=root
PM=pacman
INSTALL_RC=0
INSTALL_TAIL=(1/3) Arming ConditionNeedsUpdate... (2/3) Linking executables installed outside PATH... (3/3) Cleaning up package cache... 
CC=/usr/sbin/cc
CC_VERSION=cc (GCC) 16.2.1 20260810
BUILD_RC=0
BUILD_TAIL=
BUILT_AND_RAN=42
--- the completion layer said
podbox: complete: created dev/null (dev-shim, T-0401): mknod(2) refused with EPERM, so this is a regular file: writes are kept until the next run rather than discarded, and reads give EOF
podbox: complete: created dev/zero (dev-shim, T-0401): mknod(2) refused with EPERM, so this is a regular file of 1048576 zero bytes. ⛔ It ENDS: a read past 1048576 bytes gives EOF where the device w
podbox: complete: created dev/random (dev-shim, T-0401): mknod(2) refused with EPERM, so this is a regular file of 1048576 bytes read once from the host's getrandom(2). ⛔ It ENDS: a read past 104857
podbox: complete: created dev/urandom (dev-shim, T-0401): mknod(2) refused with EPERM, so this is a regular file of 1048576 bytes read once from the host's getrandom(2). ⛔ It ENDS: a read past 10485
podbox: complete: rewrote etc/resolv.conf (resolv.conf, T-0402): this machine's /etc/resolv.conf, 54 bytes
podbox: complete: rewrote etc/hosts (hosts, T-0403): localhost
podbox: complete: rewrote etc/mtab (mtab, T-0405): it was a symlink to ../proc/self/mounts, and /proc is not mounted inside a chroot, so the link does not resolve. ⛔ podbox REPLACED the link rather 
podbox: complete: rewrote etc/ssl/certs/ca-certificates.crt (ca-bundle, T-0407): APPENDED this machine's CA bundle (224449 bytes, announced in $SSL_CERT_FILE as /w/cacert.pem). The image's own roots a
podbox: complete: created etc/ssl/ca-bundle.pem (ca-bundle, T-0407): APPENDED this machine's CA bundle (224449 bytes, announced in $SSL_CERT_FILE as /w/cacert.pem). The image's own roots are kept and 
podbox: complete: rewrote etc/ssl/certs (ca-hash-dir, T-0412): 150 of this machine's 150 announced roots are not in this image's CApath; written as one certificate per file (podbox-host-ca-*.pem), 150
podbox: complete: step 1 of 1: `/usr/bin/openssl rehash /etc/ssl/certs` (ca-hash-dir, T-0412): /etc/ssl/certs is a hash-indexed CApath and OpenSSL looks a certificate up there by the hash of its subje
podbox: complete: 10 fixup(s) applied to this image's rootfs, 8 degraded, 0 failed, 1 step(s) to run inside it; libc=glibc. ⛔ These are edits podbox made inside somebody else's image and the payload
podbox: complete: step 1 of 1: `/usr/bin/openssl rehash /etc/ssl/certs` exited 0 in 0.1 s
--- the last of stderr
rehash: warning: skipping duplicate certificate in podbox-host-ca-145.pem
rehash: warning: skipping duplicate certificate in podbox-host-ca-146.pem
rehash: warning: skipping duplicate certificate in podbox-host-ca-147.pem
rehash: warning: skipping duplicate certificate in vTrus_ECC_Root_CA.pem
rehash: warning: skipping duplicate certificate in vTrus_Root_CA.pem
