# fedora
# pinned quay.io/fedora/fedora@sha256:e78cd1a688cd079c23864f289a89a49a3f4ad66d817864e325e1d058310ee95c
# podbox run exit 0
--- the pull
419b79a05f4b: Pull complete
Digest: sha256:e78cd1a688cd079c23864f289a89a49a3f4ad66d817864e325e1d058310ee95c
Status: Downloaded newer image for quay.io/fedora/fedora@sha256:e78cd1a688cd079c23864f289a89a49a3f4ad66d817864e325e1d058310ee95c
podbox: probed this machine rather than using the cache: /tmp/ostore/probe.json does not exist yet
--- stdout
ID=0:0
DEVNULL=usable
DEVNULL_WRITE=ok
RESOLVER=10.255.255.254
NSSWITCH=files
GETENT_ROOT=root
PM=dnf
INSTALL_RC=0
INSTALL_TAIL=[15/16] Installing make-1:4.4.1-10.fc42 100% | 150.0 MiB/s | 1.8 MiB | 00m00s [16/16] Installing gcc-0:15.2.1-7.fc42. 100% | 366.6 MiB/s | 111.4 MiB | 00m00s Complete! 
CC=/usr/bin/cc
CC_VERSION=cc (GCC) 15.2.1 20260123 (Red Hat 15.2.1-7)
BUILD_RC=0
BUILD_TAIL=
BUILT_AND_RAN=42
--- the completion layer said
podbox: complete: created dev/null (dev-shim, T-0401): mknod(2) refused with EPERM, so this is a regular file: writes are kept until the next run rather than discarded, and reads give EOF
podbox: complete: created dev/zero (dev-shim, T-0401): mknod(2) refused with EPERM, so this is a regular file of 1048576 zero bytes. ⛔ It ENDS: a read past 1048576 bytes gives EOF where the device w
podbox: complete: created dev/random (dev-shim, T-0401): mknod(2) refused with EPERM, so this is a regular file of 1048576 bytes read once from the host's getrandom(2). ⛔ It ENDS: a read past 104857
podbox: complete: created dev/urandom (dev-shim, T-0401): mknod(2) refused with EPERM, so this is a regular file of 1048576 bytes read once from the host's getrandom(2). ⛔ It ENDS: a read past 10485
podbox: complete: created etc/resolv.conf (resolv.conf, T-0402): this machine's /etc/resolv.conf, 54 bytes
podbox: complete: rewrote etc/hosts (hosts, T-0403): localhost
podbox: complete: rewrote etc/nsswitch.conf (nsswitch, T-0410): this rootfs carries glibc and shipped no nsswitch.conf, so nothing would have read the /etc/passwd T-0404 supplies. podbox wrote a minim
podbox: complete: rewrote etc/mtab (mtab, T-0405): it was a symlink to ../proc/self/mounts, and /proc is not mounted inside a chroot, so the link does not resolve. ⛔ podbox REPLACED the link rather 
podbox: complete: rewrote etc/ssl/certs/ca-certificates.crt (ca-bundle, T-0407): APPENDED this machine's CA bundle (224449 bytes, announced in $SSL_CERT_FILE as /w/cacert.pem). The image's own roots a
podbox: complete: created etc/ssl/ca-bundle.pem (ca-bundle, T-0407): APPENDED this machine's CA bundle (224449 bytes, announced in $SSL_CERT_FILE as /w/cacert.pem). The image's own roots are kept and 
podbox: complete: 10 fixup(s) applied to this image's rootfs, 7 degraded, 0 failed, 0 step(s) to run inside it; libc=glibc. ⛔ These are edits podbox made inside somebody else's image and the payload
--- the last of stderr
probes: clone(NEWNS)=EPERM mount=EPERM fsmount=skip(EPERM) move_mount=skip(EPERM)
        clone(NEWUTS)=EPERM sethostname=skip(EPERM) chroot=ok ptrace=ok
this mode does NOT provide: process, network, IPC or mount isolation
⚠ this machine would permit `supervise`; podbox's entry sequence is `chroot` and creates no namespace and mounts nothing
podbox: interpose: /.podbox/interpose.so (glibc object) is preloaded for this payload. ⛔ podbox WROTE that file into the image's own rootfs and the payload can see it
