# opensuse-leap
# pinned registry.opensuse.org/opensuse/leap@sha256:e4d84bbc5e0fa0df64381e95ad7ea8e3867cc34f3b1d174e9948d0f559d223e2
# podbox run exit 0
--- the pull
ef34389a9be2: Pull complete
Digest: sha256:e4d84bbc5e0fa0df64381e95ad7ea8e3867cc34f3b1d174e9948d0f559d223e2
Status: Downloaded newer image for registry.opensuse.org/opensuse/leap@sha256:e4d84bbc5e0fa0df64381e95ad7ea8e3867cc34f3b1d174e9948d0f559d223e2
podbox: probed this machine rather than using the cache: /tmp/ostore/probe.json does not exist yet
--- stdout
ID=0:0
DEVNULL=usable
DEVNULL_WRITE=ok
RESOLVER=10.255.255.254
NSSWITCH=files compat
GETENT_ROOT=root
PM=zypper
INSTALL_RC=0
INSTALL_TAIL=(22/24) Installing: glibc-devel-2.38-150600.14.46.1.x86_64 [..done] (23/24) Installing: gcc7-7.5.0+r278197-150000.4.44.1.x86_64 [................done] (24/24) Installing: gcc-7-3.9.1.x86_64 [..done] 
CC=/usr/bin/cc
CC_VERSION=cc (SUSE Linux) 7.5.0
BUILD_RC=0
BUILD_TAIL=
BUILT_AND_RAN=42
--- the completion layer said
podbox: complete: created dev/null (dev-shim, T-0401): mknod(2) refused with EPERM, so this is a regular file: writes are kept until the next run rather than discarded, and reads give EOF
podbox: complete: created dev/zero (dev-shim, T-0401): mknod(2) refused with EPERM, so this is a regular file of 1048576 zero bytes. ⛔ It ENDS: a read past 1048576 bytes gives EOF where the device w
podbox: complete: created dev/random (dev-shim, T-0401): mknod(2) refused with EPERM, so this is a regular file of 1048576 bytes read once from the host's getrandom(2). ⛔ It ENDS: a read past 104857
podbox: complete: created dev/urandom (dev-shim, T-0401): mknod(2) refused with EPERM, so this is a regular file of 1048576 bytes read once from the host's getrandom(2). ⛔ It ENDS: a read past 10485
podbox: complete: created etc/resolv.conf (resolv.conf, T-0402): this machine's /etc/resolv.conf, 54 bytes
podbox: complete: rewrote etc/hosts (hosts, T-0403): localhost
podbox: complete: rewrote etc/nsswitch.conf (nsswitch, T-0410): passwd or group did not name files FIRST, so the /etc/passwd T-0404 supplies would have been ignored. podbox prepended files and kept ev
podbox: complete: rewrote etc/mtab (mtab, T-0405): it was a symlink to /proc/self/mounts, and /proc is not mounted inside a chroot, so the link does not resolve. ⛔ podbox REPLACED the link rather th
podbox: complete: rewrote etc/ssl/ca-bundle.pem (ca-bundle, T-0407): APPENDED this machine's CA bundle (224449 bytes, announced in $SSL_CERT_FILE as /w/cacert.pem). The image's own roots are kept and 
podbox: complete: created etc/ssl/certs/ca-certificates.crt (ca-bundle, T-0407): APPENDED this machine's CA bundle (224449 bytes, announced in $SSL_CERT_FILE as /w/cacert.pem). The image's own roots a
podbox: complete: created etc/ssl/cert.pem (ca-bundle, T-0407): APPENDED this machine's CA bundle (224449 bytes, announced in $SSL_CERT_FILE as /w/cacert.pem). The image's own roots are kept and the a
podbox: complete: rewrote etc/ssl/certs (ca-hash-dir, T-0412): 11 of this machine's 150 announced roots are not in this image's CApath; written as one certificate per file (podbox-host-ca-*.pem), 11 c
podbox: complete: rewrote etc/zypp/repos.d/repo-backports-debug-update.repo (source-scheme, T-0411): http:// -> https:// for download.opensuse.org. ⛔ The scheme only: the mirror this image chose is 
podbox: complete: rewrote etc/zypp/repos.d/repo-backports-update.repo (source-scheme, T-0411): http:// -> https:// for download.opensuse.org. ⛔ The scheme only: the mirror this image chose is the mi
podbox: complete: rewrote etc/zypp/repos.d/repo-debug-non-oss.repo (source-scheme, T-0411): http:// -> https:// for download.opensuse.org. ⛔ The scheme only: the mirror this image chose is the mirro
podbox: complete: rewrote etc/zypp/repos.d/repo-debug-update-non-oss.repo (source-scheme, T-0411): http:// -> https:// for download.opensuse.org. ⛔ The scheme only: the mirror this image chose is th
podbox: complete: rewrote etc/zypp/repos.d/repo-debug-update.repo (source-scheme, T-0411): http:// -> https:// for download.opensuse.org. ⛔ The scheme only: the mirror this image chose is the mirror
podbox: complete: rewrote etc/zypp/repos.d/repo-debug.repo (source-scheme, T-0411): http:// -> https:// for download.opensuse.org. ⛔ The scheme only: the mirror this image chose is the mirror podbox
podbox: complete: rewrote etc/zypp/repos.d/repo-non-oss.repo (source-scheme, T-0411): http:// -> https:// for download.opensuse.org. ⛔ The scheme only: the mirror this image chose is the mirror podb
podbox: complete: rewrote etc/zypp/repos.d/repo-openh264.repo (source-scheme, T-0411): http:// -> https:// for codecs.opensuse.org. ⛔ The scheme only: the mirror this image chose is the mirror podbo
podbox: complete: rewrote etc/zypp/repos.d/repo-oss.repo (source-scheme, T-0411): http:// -> https:// for download.opensuse.org. ⛔ The scheme only: the mirror this image chose is the mirror podbox u
podbox: complete: rewrote etc/zypp/repos.d/repo-sle-debug-update.repo (source-scheme, T-0411): http:// -> https:// for download.opensuse.org. ⛔ The scheme only: the mirror this image chose is the mi
podbox: complete: rewrote etc/zypp/repos.d/repo-sle-update.repo (source-scheme, T-0411): http:// -> https:// for download.opensuse.org. ⛔ The scheme only: the mirror this image chose is the mirror p
podbox: complete: rewrote etc/zypp/repos.d/repo-source.repo (source-scheme, T-0411): http:// -> https:// for download.opensuse.org. ⛔ The scheme only: the mirror this image chose is the mirror podbo
podbox: complete: rewrote etc/zypp/repos.d/repo-update-non-oss.repo (source-scheme, T-0411): http:// -> https:// for download.opensuse.org. ⛔ The scheme only: the mirror this image chose is the mirr
podbox: complete: rewrote etc/zypp/repos.d/repo-update.repo (source-scheme, T-0411): http:// -> https:// for download.opensuse.org. ⛔ The scheme only: the mirror this image chose is the mirror podbo
podbox: complete: step 1 of 1: `/usr/bin/openssl rehash /etc/ssl/certs` (ca-hash-dir, T-0412): /etc/ssl/certs is a hash-indexed CApath and OpenSSL looks a certificate up there by the hash of its subje
podbox: complete: 26 fixup(s) applied to this image's rootfs, 9 degraded, 0 failed, 1 step(s) to run inside it; libc=glibc. ⛔ These are edits podbox made inside somebody else's image and the payload
podbox: complete: step 1 of 1: `/usr/bin/openssl rehash /etc/ssl/certs` exited 0 in 0.0 s
--- the last of stderr
this mode does NOT provide: process, network, IPC or mount isolation
⚠ this machine would permit `supervise`; podbox's entry sequence is `chroot` and creates no namespace and mounts nothing
podbox: interpose: /.podbox/interpose.so (glibc object) is preloaded for this payload. ⛔ podbox WROTE that file into the image's own rootfs and the payload can see it
podbox: interpose: emulating mknod, mount, unshare and clone flag-strip for this payload: each is counted and `inspect` carries the tally under Interpose.Emulated (TODO/interpose.md T-0708)
rehash: warning: skipping ca-certificates.crt,it does not contain exactly one certificate or CRL
