# rocky-minimal
# pinned quay.io/rockylinux/rockylinux@sha256:e1d0a9f5ed99d52e7faf03afe7ee32e48b231c4dd9586808b3d1aedf894dff04
# podbox run exit 0
--- the pull
cdf32a5f3b26: Pull complete
Digest: sha256:e1d0a9f5ed99d52e7faf03afe7ee32e48b231c4dd9586808b3d1aedf894dff04
Status: Downloaded newer image for quay.io/rockylinux/rockylinux@sha256:e1d0a9f5ed99d52e7faf03afe7ee32e48b231c4dd9586808b3d1aedf894dff04
podbox: probed this machine rather than using the cache: /tmp/ostore/probe.json does not exist yet
--- stdout
ID=0:0
DEVNULL=usable
DEVNULL_WRITE=ok
RESOLVER=10.255.255.254
NSSWITCH=files sss systemd
GETENT_ROOT=root
PM=microdnf
INSTALL_RC=1
INSTALL_TAIL= (microdnf:114): GLib-CRITICAL **: 11:41:25.292: g_str_has_prefix: assertion 'str != NULL' failed error: cannot update repo 'baseos': Yum repo downloading error: Invalid path: repodata/8b6cf15633aa772e539ae25cb6088c2a148
CC=none
CC_VERSION=absent
BUILD_RC=127
BUILT_AND_RAN=no-compiler
--- the completion layer said
podbox: complete: created dev/null (dev-shim, T-0401): mknod(2) refused with EPERM, so this is a regular file: writes are kept until the next run rather than discarded, and reads give EOF
podbox: complete: created dev/zero (dev-shim, T-0401): mknod(2) refused with EPERM, so this is a regular file of 1048576 zero bytes. ⛔ It ENDS: a read past 1048576 bytes gives EOF where the device w
podbox: complete: created dev/random (dev-shim, T-0401): mknod(2) refused with EPERM, so this is a regular file of 1048576 bytes read once from the host's getrandom(2). ⛔ It ENDS: a read past 104857
podbox: complete: created dev/urandom (dev-shim, T-0401): mknod(2) refused with EPERM, so this is a regular file of 1048576 bytes read once from the host's getrandom(2). ⛔ It ENDS: a read past 10485
podbox: complete: created etc/resolv.conf (resolv.conf, T-0402): this machine's /etc/resolv.conf, 54 bytes
podbox: complete: rewrote etc/hosts (hosts, T-0403): localhost
podbox: complete: rewrote etc/nsswitch.conf (nsswitch, T-0410): passwd or group did not name files FIRST, so the /etc/passwd T-0404 supplies would have been ignored. podbox prepended files and kept ev
podbox: complete: rewrote etc/mtab (mtab, T-0405): it was a symlink to ../proc/self/mounts, and /proc is not mounted inside a chroot, so the link does not resolve. ⛔ podbox REPLACED the link rather 
podbox: complete: rewrote etc/pki/tls/certs/ca-bundle.crt (ca-bundle, T-0407): APPENDED this machine's CA bundle (224449 bytes, announced in $SSL_CERT_FILE as /w/cacert.pem). The image's own roots are
podbox: complete: created etc/ssl/certs/ca-certificates.crt (ca-bundle, T-0407): APPENDED this machine's CA bundle (224449 bytes, announced in $SSL_CERT_FILE as /w/cacert.pem). The image's own roots a
podbox: complete: created etc/ssl/ca-bundle.pem (ca-bundle, T-0407): APPENDED this machine's CA bundle (224449 bytes, announced in $SSL_CERT_FILE as /w/cacert.pem). The image's own roots are kept and 
podbox: complete: rewrote etc/yum.repos.d/rocky-addons.repo (source-scheme, T-0411): http:// -> https:// for dl.rockylinux.org. ⛔ The scheme only: the mirror this image chose is the mirror podbox us
podbox: complete: rewrote etc/yum.repos.d/rocky-devel.repo (source-scheme, T-0411): http:// -> https:// for dl.rockylinux.org. ⛔ The scheme only: the mirror this image chose is the mirror podbox use
podbox: complete: rewrote etc/yum.repos.d/rocky-extras.repo (source-scheme, T-0411): http:// -> https:// for dl.rockylinux.org. ⛔ The scheme only: the mirror this image chose is the mirror podbox us
podbox: complete: rewrote etc/yum.repos.d/rocky-security.repo (source-scheme, T-0411): http:// -> https:// for dl.rockylinux.org. ⛔ The scheme only: the mirror this image chose is the mirror podbox 
podbox: complete: rewrote etc/yum.repos.d/rocky.repo (source-scheme, T-0411): http:// -> https:// for dl.rockylinux.org. ⛔ The scheme only: the mirror this image chose is the mirror podbox uses
podbox: complete: 16 fixup(s) applied to this image's rootfs, 8 degraded, 0 failed, 0 step(s) to run inside it; libc=glibc. ⛔ These are edits podbox made inside somebody else's image and the payload
--- the last of stderr
probes: clone(NEWNS)=EPERM mount=EPERM fsmount=skip(EPERM) move_mount=skip(EPERM)
        clone(NEWUTS)=EPERM sethostname=skip(EPERM) chroot=ok ptrace=ok
this mode does NOT provide: process, network, IPC or mount isolation
⚠ this machine would permit `supervise`; podbox's entry sequence is `chroot` and creates no namespace and mounts nothing
podbox: interpose: /.podbox/interpose.so (glibc object) is preloaded for this payload. ⛔ podbox WROTE that file into the image's own rootfs and the payload can see it
--- the control: the same subject under podman, no help
ID=0:0
DEVNULL=usable
DEVNULL_WRITE=ok
RESOLVER=10.255.255.254
NSSWITCH=sss files systemd
GETENT_ROOT=root
PM=microdnf
INSTALL_RC=0
INSTALL_TAIL=Cleanup: glibc-minimal-langpack;2.34-266.el9_8;x86_64;installed Cleanup: glibc-common;2.34-266.el9_8;x86_64;installed Complete. 
CC=/usr/bin/cc
CC_VERSION=cc (GCC) 11.5.0 20240719 (Red Hat 11.5.0-14)
BUILD_RC=0
BUILD_TAIL=
BUILT_AND_RAN=42
