# ubuntu
# pinned public.ecr.aws/ubuntu/ubuntu@sha256:41938337738ac39ec015eecf7ac5ed9add869fffeb394f2b90819ba6793d889b
# podbox run exit 0
--- the pull
e51aee9c82ec: Pull complete
Digest: sha256:41938337738ac39ec015eecf7ac5ed9add869fffeb394f2b90819ba6793d889b
Status: Downloaded newer image for public.ecr.aws/ubuntu/ubuntu@sha256:41938337738ac39ec015eecf7ac5ed9add869fffeb394f2b90819ba6793d889b
podbox: probed this machine rather than using the cache: /tmp/ostore/probe.json does not exist yet
--- stdout
ID=0:0
DEVNULL=usable
DEVNULL_WRITE=ok
RESOLVER=10.255.255.254
NSSWITCH=files
GETENT_ROOT=root
PM=apt-get
INSTALL_RC=0
INSTALL_TAIL=Setting up libc-devtools (2.39-0ubuntu8.9) ... Setting up libheif-plugin-aomenc:amd64 (1.17.6-1ubuntu4.8) ... Processing triggers for libc-bin (2.39-0ubuntu8.9) ... 
CC=/usr/bin/cc
CC_VERSION=cc (Ubuntu 13.3.0-6ubuntu2~24.04.1) 13.3.0
BUILD_RC=0
BUILD_TAIL=
BUILT_AND_RAN=42
--- the completion layer said
podbox: complete: created dev/null (dev-shim, T-0401): mknod(2) refused with EPERM, so this is a regular file: writes are kept until the next run rather than discarded, and reads give EOF
podbox: complete: created dev/zero (dev-shim, T-0401): mknod(2) refused with EPERM, so this is a regular file of 1048576 zero bytes. ⛔ It ENDS: a read past 1048576 bytes gives EOF where the device w
podbox: complete: created dev/random (dev-shim, T-0401): mknod(2) refused with EPERM, so this is a regular file of 1048576 bytes read once from the host's getrandom(2). ⛔ It ENDS: a read past 104857
podbox: complete: created dev/urandom (dev-shim, T-0401): mknod(2) refused with EPERM, so this is a regular file of 1048576 bytes read once from the host's getrandom(2). ⛔ It ENDS: a read past 10485
podbox: complete: rewrote etc/resolv.conf (resolv.conf, T-0402): this machine's /etc/resolv.conf, 54 bytes
podbox: complete: rewrote etc/hosts (hosts, T-0403): localhost
podbox: complete: created etc/mtab (mtab, T-0405): it was absent. One line, generated from this machine's own mount table for the filesystem the rootfs is on
podbox: complete: created etc/apt/apt.conf.d/99podbox (apt-sandbox, T-0407): APT::Sandbox::User root. The _apt user is not mapped on this runtime
podbox: complete: created etc/ssl/certs/ca-certificates.crt (ca-bundle, T-0407): this image carries no TLS directory at all; installed this machine's bundle at the conventional path, from /w/cacert.pe
podbox: complete: rewrote etc/apt/sources.list.d/ubuntu.sources (source-scheme, T-0411): http:// -> https:// for help.ubuntu.com, archive.ubuntu.com, security.ubuntu.com. ⛔ The scheme only: the mirr
podbox: complete: 10 fixup(s) applied to this image's rootfs, 5 degraded, 0 failed, 0 step(s) to run inside it; libc=glibc. ⛔ These are edits podbox made inside somebody else's image and the payload
--- the last of stderr
        clone(NEWUTS)=EPERM sethostname=skip(EPERM) chroot=ok ptrace=ok
this mode does NOT provide: process, network, IPC or mount isolation
⚠ this machine would permit `supervise`; podbox's entry sequence is `chroot` and creates no namespace and mounts nothing
podbox: interpose: /.podbox/interpose.so (glibc object) is preloaded for this payload. ⛔ podbox WROTE that file into the image's own rootfs and the payload can see it
podbox: interpose: emulating mknod, mount, unshare and clone flag-strip for this payload: each is counted and `inspect` carries the tally under Interpose.Emulated (TODO/interpose.md T-0708)
