# voidlinux-musl
# pinned ghcr.io/void-linux/void-musl@sha256:af9308c79fd14ddc7b53e181caee312d182c89186792dc1ef5b8215865b444ac
# podbox run exit 0
--- the pull
2568a713ac2d: Pull complete
Digest: sha256:af9308c79fd14ddc7b53e181caee312d182c89186792dc1ef5b8215865b444ac
Status: Downloaded newer image for ghcr.io/void-linux/void-musl@sha256:af9308c79fd14ddc7b53e181caee312d182c89186792dc1ef5b8215865b444ac
podbox: probed this machine rather than using the cache: /tmp/ostore/probe.json does not exist yet
--- stdout
ID=0:0
DEVNULL=usable
DEVNULL_WRITE=ok
RESOLVER=10.255.255.254
NSSWITCH=files
GETENT_ROOT=root
PM=xbps-install
INSTALL_RC=0
INSTALL_TAIL=gcc-14.2.1+20250405_4: installed successfully. 28 downloaded, 28 installed, 0 updated, 28 configured, 0 removed, 0 on hold. 
CC=/usr/bin/cc
CC_VERSION=cc (GCC) 14.2.1 20250405
BUILD_RC=0
BUILD_TAIL=
BUILT_AND_RAN=42
--- the completion layer said
podbox: complete: created dev/null (dev-shim, T-0401): mknod(2) refused with EPERM, so this is a regular file: writes are kept until the next run rather than discarded, and reads give EOF
podbox: complete: created dev/zero (dev-shim, T-0401): mknod(2) refused with EPERM, so this is a regular file of 1048576 zero bytes. ⛔ It ENDS: a read past 1048576 bytes gives EOF where the device w
podbox: complete: created dev/random (dev-shim, T-0401): mknod(2) refused with EPERM, so this is a regular file of 1048576 bytes read once from the host's getrandom(2). ⛔ It ENDS: a read past 104857
podbox: complete: created dev/urandom (dev-shim, T-0401): mknod(2) refused with EPERM, so this is a regular file of 1048576 bytes read once from the host's getrandom(2). ⛔ It ENDS: a read past 10485
podbox: complete: created etc/resolv.conf (resolv.conf, T-0402): this machine's /etc/resolv.conf, 54 bytes
podbox: complete: created etc/hosts (hosts, T-0403): localhost
podbox: complete: created etc/mtab (mtab, T-0405): it was absent. One line, generated from this machine's own mount table for the filesystem the rootfs is on
podbox: complete: rewrote etc/ssl/certs/ca-certificates.crt (ca-bundle, T-0407): APPENDED this machine's CA bundle (224449 bytes, announced in $SSL_CERT_FILE as /w/cacert.pem). The image's own roots a
podbox: complete: created etc/ssl/ca-bundle.pem (ca-bundle, T-0407): APPENDED this machine's CA bundle (224449 bytes, announced in $SSL_CERT_FILE as /w/cacert.pem). The image's own roots are kept and 
podbox: complete: created etc/ssl/cert.pem (ca-bundle, T-0407): APPENDED this machine's CA bundle (224449 bytes, announced in $SSL_CERT_FILE as /w/cacert.pem). The image's own roots are kept and the a
podbox: complete: rewrote etc/ssl/certs (ca-hash-dir, T-0412): 150 of this machine's 150 announced roots are not in this image's CApath; written as one certificate per file (podbox-host-ca-*.pem), 150
podbox: complete: step 1 of 1: `/usr/bin/openssl rehash /etc/ssl/certs` (ca-hash-dir, T-0412): /etc/ssl/certs is a hash-indexed CApath and OpenSSL looks a certificate up there by the hash of its subje
podbox: complete: 11 fixup(s) applied to this image's rootfs, 9 degraded, 0 failed, 1 step(s) to run inside it; libc=musl. ⛔ These are edits podbox made inside somebody else's image and the payload 
podbox: complete: step 1 of 1: `/usr/bin/openssl rehash /etc/ssl/certs` exited 0 in 0.1 s
--- the last of stderr
rehash: warning: skipping duplicate certificate in podbox-host-ca-145.pem
rehash: warning: skipping duplicate certificate in podbox-host-ca-146.pem
rehash: warning: skipping duplicate certificate in podbox-host-ca-147.pem
rehash: warning: skipping duplicate certificate in vTrus_ECC_Root_CA.pem
rehash: warning: skipping duplicate certificate in vTrus_Root_CA.pem
