## conditions
date: 2026-09-10T15:19:52Z
host: Linux 6.18.39-gentoo-dist-bin x86_64 GNU/Linux
cpu: AMD Ryzen 7 7700 8-Core Processor / 16 threads
mem: 30Gi
uid: 0  caps: 000001ffffffffff  seccomp: 2
1
uid_map:          0          0          1 
subject: ownership-wall
tar: tar (GNU tar) 1.35

[vfetch] minirootfs.tar.gz <- https://dl-cdn.alpinelinux.org/alpine/v3.22/releases/x86_64/alpine-minirootfs-3.22.0-x86_64.tar.gz
## the artefact: a real rootfs tarball, pinned
## (its etc/shadow ships root:shadow = gid 42, the classic first casualty)

## extract as-is (tar restores ownership by default)
tar: ./etc/shadow: Cannot change ownership to uid 0, gid 42: Invalid argument
tar: Exiting with failure status due to previous errors
as-is rc: 2

## extract ownership-neutrally
no-owner rc: 0

## the ownership the two trees actually carry (etc/shadow, etc/passwd):
/workspace/sandbox-insights/work/ownwall/as-is/etc/shadow UNKNOWN:UNKNOWN (0:0)
/workspace/sandbox-insights/work/ownwall/no-owner/etc/shadow UNKNOWN:UNKNOWN (0:0)

## a synthetic tarball with an unmapped gid reproduces the wall exactly:
tar: etc/shadow: Cannot change ownership to uid 0, gid 42: Invalid argument
tar: Exiting with failure status due to previous errors
synthetic rc: 2

## the mitigation's cost: files the image says are root:shadow land as root:root.
## anything that CHECKS ownership (package managers, ssh) now sees a different tree.
